[2026-09-24 15:42:48.451] [СЕАНС] Журнал открыт
[2026-09-24 15:42:48.453] [ШАГ] Начало установки лаунчера 1.1.9
[2026-09-24 15:42:48.455] [СРЕДА] Установщик 1.1.9, лаунчер 1.1.9, ожидаемый размер 126288140 байт, SHA256 7d6ce5255e024e31fbf794d0821b720875a33fc7fa7389e6239a60f7df0138cd
[2026-09-24 15:42:48.456] [СРЕДА] ОС: Microsoft Windows NT 6.2.9200.0, 64-бит: True, процесс 64-бит: True
[2026-09-24 15:42:48.459] [СРЕДА] Компьютер: DESKTOP-S37A26A, пользователь: DESKTOP-S37A26A\\InzeOwr, права администратора: False
[2026-09-24 15:42:48.460] [СРЕДА] CLR: 4.0.30319.42000, .NET Framework: Release=533325, Version=4.8.09037, культура: ru-RU
[2026-09-24 15:42:48.461] [СРЕДА] Командная строка: "C:\Users\InzeOwr\Downloads\AverionLand-Installer (20).exe" 
[2026-09-24 15:42:48.461] [СРЕДА] Файл установщика: C:\Users\InzeOwr\Downloads\AverionLand-Installer (20).exe
[2026-09-24 15:42:48.462] [СРЕДА] Временная папка: C:\Users\InzeOwr\AppData\Local\Temp\ (482,92 ГБ свободно из 893,42 ГБ)
[2026-09-24 15:42:48.463] [СРЕДА] Папка установки: C:\Users\InzeOwr\AppData\Local\Programs\AverionLand Launcher (482,92 ГБ свободно из 893,42 ГБ)
[2026-09-24 15:42:48.465] [СРЕДА] Уже установлен: C:\Users\InzeOwr\AppData\Local\Programs\AverionLand Launcher\AverionLand Launcher.exe, размер 126288140, версия файла 1.1.8
[2026-09-24 15:42:48.472] [СРЕДА] Антивирусы и защитники в процессах: smartscreen
[2026-09-24 15:42:49.126] [ШАГ] Временный файл: C:\Users\InzeOwr\AppData\Local\Temp\AverionLand\1.1.9\AverionLand-Portable.exe.download (482,92 ГБ свободно из 893,42 ГБ)
[2026-09-24 15:42:49.137] [ИЗВЛЕЧЕНИЕ] Ресурс AverionLandInstaller.Launcher.exe найден: 128387369 байт, ожидалось 126288140 байт
[2026-09-24 15:42:49.141] [ОШИБКА] Установка не выполнена
[2026-09-24 15:42:49.143] [ОШИБКА] Исключение (System.IO.InvalidDataException): Установщик скачан не полностью. Скачайте его заново с сайта. | HResult=0x80131501
[2026-09-24 15:42:49.149] [ОШИБКА] Стек:    в AverionLandInstaller.InstallerForm.<ExtractBundledLauncher>c__async1.MoveNext() | --- Конец трассировка стека из предыдущего расположения, где возникло исключение --- |    в System.Runtime.ExceptionServices.ExceptionDispatchInfo.Throw() |    в System.Runtime.CompilerServices.TaskAwaiter.HandleNonSuccessAndDebuggerNotification(Task task) |    в AverionLandInstaller.InstallerForm.<BeginInstall>c__async0.MoveNext()
[2026-09-24 15:42:49.274] [ЦЕЛОСТНОСТЬ] Файл установщика: размер 128972800 байт, SHA256 9593ce122b42adb01906ddf28a3da519278f67830e829f6c904f6255bd620daa
[2026-09-24 15:42:50.911] [ШАГ] Начало установки лаунчера 1.1.9
[2026-09-24 15:42:50.912] [СРЕДА] Установщик 1.1.9, лаунчер 1.1.9, ожидаемый размер 126288140 байт, SHA256 7d6ce5255e024e31fbf794d0821b720875a33fc7fa7389e6239a60f7df0138cd
[2026-09-24 15:42:50.912] [СРЕДА] ОС: Microsoft Windows NT 6.2.9200.0, 64-бит: True, процесс 64-бит: True
[2026-09-24 15:42:50.913] [СРЕДА] Компьютер: DESKTOP-S37A26A, пользователь: DESKTOP-S37A26A\\InzeOwr, права администратора: False
[2026-09-24 15:42:50.913] [СРЕДА] CLR: 4.0.30319.42000, .NET Framework: Release=533325, Version=4.8.09037, культура: ru-RU
[2026-09-24 15:42:50.914] [СРЕДА] Командная строка: "C:\Users\InzeOwr\Downloads\AverionLand-Installer (20).exe" 
[2026-09-24 15:42:50.914] [СРЕДА] Файл установщика: C:\Users\InzeOwr\Downloads\AverionLand-Installer (20).exe
[2026-09-24 15:42:50.914] [СРЕДА] Временная папка: C:\Users\InzeOwr\AppData\Local\Temp\ (483,63 ГБ свободно из 893,42 ГБ)
[2026-09-24 15:42:50.915] [СРЕДА] Папка установки: C:\Users\InzeOwr\AppData\Local\Programs\AverionLand Launcher (483,63 ГБ свободно из 893,42 ГБ)
[2026-09-24 15:42:50.916] [СРЕДА] Уже установлен: C:\Users\InzeOwr\AppData\Local\Programs\AverionLand Launcher\AverionLand Launcher.exe, размер 126288140, версия файла 1.1.8
[2026-09-24 15:42:50.919] [СРЕДА] Антивирусы и защитники в процессах: smartscreen
[2026-09-24 15:42:51.584] [ШАГ] Временный файл: C:\Users\InzeOwr\AppData\Local\Temp\AverionLand\1.1.9\AverionLand-Portable.exe.download (483,63 ГБ свободно из 893,42 ГБ)
[2026-09-24 15:42:51.585] [ИЗВЛЕЧЕНИЕ] Ресурс AverionLandInstaller.Launcher.exe найден: 128387369 байт, ожидалось 126288140 байт
[2026-09-24 15:42:51.585] [ОШИБКА] Установка не выполнена
[2026-09-24 15:42:51.586] [ОШИБКА] Исключение (System.IO.InvalidDataException): Установщик скачан не полностью. Скачайте его заново с сайта. | HResult=0x80131501
[2026-09-24 15:42:51.586] [ОШИБКА] Стек:    в AverionLandInstaller.InstallerForm.<ExtractBundledLauncher>c__async1.MoveNext() | --- Конец трассировка стека из предыдущего расположения, где возникло исключение --- |    в System.Runtime.ExceptionServices.ExceptionDispatchInfo.Throw() |    в System.Runtime.CompilerServices.TaskAwaiter.HandleNonSuccessAndDebuggerNotification(Task task) |    в AverionLandInstaller.InstallerForm.<BeginInstall>c__async0.MoveNext()
[2026-09-24 15:42:51.654] [ЦЕЛОСТНОСТЬ] Файл установщика: размер 128972800 байт, SHA256 9593ce122b42adb01906ddf28a3da519278f67830e829f6c904f6255bd620daa
